------------------------------------------------------------
TimeQuest Timing Analyzer Summary
------------------------------------------------------------

Type  : Slow 1100mV 85C Model Setup 'clk'
Slack : -10.397
TNS   : -325.326

Type  : Slow 1100mV 85C Model Hold 'clk'
Slack : 0.456
TNS   : 0.000

Type  : Slow 1100mV 85C Model Minimum Pulse Width 'clk'
Slack : -0.538
TNS   : -70.308

Type  : Slow 1100mV 0C Model Setup 'clk'
Slack : -10.888
TNS   : -325.028

Type  : Slow 1100mV 0C Model Hold 'clk'
Slack : 0.481
TNS   : 0.000

Type  : Slow 1100mV 0C Model Minimum Pulse Width 'clk'
Slack : -0.538
TNS   : -73.971

Type  : Fast 1100mV 85C Model Setup 'clk'
Slack : -4.405
TNS   : -133.945

Type  : Fast 1100mV 85C Model Hold 'clk'
Slack : 0.180
TNS   : 0.000

Type  : Fast 1100mV 85C Model Minimum Pulse Width 'clk'
Slack : -0.095
TNS   : -7.551

Type  : Fast 1100mV 0C Model Setup 'clk'
Slack : -4.031
TNS   : -115.746

Type  : Fast 1100mV 0C Model Hold 'clk'
Slack : 0.168
TNS   : 0.000

Type  : Fast 1100mV 0C Model Minimum Pulse Width 'clk'
Slack : -0.093
TNS   : -7.718

------------------------------------------------------------
