------------------------------------------------------------
TimeQuest Timing Analyzer Summary
------------------------------------------------------------

Type  : Slow 1100mV 85C Model Setup 'clk'
Slack : -7.869
TNS   : -321.285

Type  : Slow 1100mV 85C Model Hold 'clk'
Slack : 0.401
TNS   : 0.000

Type  : Slow 1100mV 85C Model Minimum Pulse Width 'clk'
Slack : -0.538
TNS   : -81.998

Type  : Slow 1100mV 0C Model Setup 'clk'
Slack : -8.221
TNS   : -319.373

Type  : Slow 1100mV 0C Model Hold 'clk'
Slack : 0.393
TNS   : 0.000

Type  : Slow 1100mV 0C Model Minimum Pulse Width 'clk'
Slack : -0.538
TNS   : -87.806

Type  : Fast 1100mV 85C Model Setup 'clk'
Slack : -3.099
TNS   : -130.955

Type  : Fast 1100mV 85C Model Hold 'clk'
Slack : 0.178
TNS   : 0.000

Type  : Fast 1100mV 85C Model Minimum Pulse Width 'clk'
Slack : -0.093
TNS   : -7.929

Type  : Fast 1100mV 0C Model Setup 'clk'
Slack : -2.842
TNS   : -110.712

Type  : Fast 1100mV 0C Model Hold 'clk'
Slack : 0.168
TNS   : 0.000

Type  : Fast 1100mV 0C Model Minimum Pulse Width 'clk'
Slack : -0.092
TNS   : -8.141

------------------------------------------------------------
